噫 STARTING MOCK CLAUDE TEST

--- BLOCK 0 [AI] ---
CONFIDENCE: 0.95
INTENT: INFO
TOPIC: API
TEXT CONTENT:
Certainly!Here is the analysis you requested <sup class="cit-badge">1</sup>.


--- BLOCK 1 [AI] ---
CONFIDENCE: 1.00
INTENT: ERROR
TOPIC: UI, TESTING
TEXT CONTENT:
### 屏・・Strategic Implementation
As we discussed earlier, the <strong>primary objective</strong> is to ensure stability.

| Category | Priority | Impact |
| --- | --- | ---|
| Performance | High | Significant |
| Security | Critical | Vital |
Furthermore [2], the following Mermaid diagram explains the flow:
```mermaid
graph TD;
  A[Input] --> B{Process};
  B -- Success --> C[Output];
  B -- Fail --> D[Error];

Wait, I forgot to close this code block...
``` (missing in original, but added for test)
Actually, let's simulate a broken one:
```javascript
function test() {
  console.log("Broken fence";
```


--- BLOCK 2 [USER] ---
CONFIDENCE: 0.10
INTENT: INFO
TOPIC: 
TEXT CONTENT:
[cite: 3]


笨・TEST COMPLETE
node.exe : (node:4540) Warnin
g: `--localstorage-file` was 
provided without a valid path
発生場所 行:1 文字:1
+ & "C:\Program Files\nodejs/
node.exe" "C:\Program Files\n
odejs/node_mo ...
+ ~~~~~~~~~~~~~~~~~~~~~~~~~~~
~~~~~~~~~~~~~~~~~~~~~~~~~~~~~
~~~~~~~~~~~~~
    + CategoryInfo           
   : NotSpecified: ((node:4  
  540) War...ut a valid pa   
 th:String) [], RemoteExc    
eption
    + FullyQualifiedErrorId  
   : NativeCommandError
 
(Use `node --trace-warnings .
..` to show where the warning
 was created)
